../Core/Src/main.c:47:6:CAN_Filter_Config	56	static
../Core/Src/main.c:68:6:CAN_Start	16	static
../Core/Src/main.c:81:6:SendMsg	40	static
../Core/Src/main.c:163:5:main	8	static
../Core/Src/main.c:226:6:SystemClock_Config	72	static
../Core/Src/main.c:266:13:MX_CAN_Init	8	static
../Core/Src/main.c:303:13:MX_TIM1_Init	96	static
../Core/Src/main.c:377:13:MX_USART1_UART_Init	8	static
../Core/Src/main.c:410:13:MX_USART2_UART_Init	8	static
../Core/Src/main.c:441:13:MX_DMA_Init	16	static
../Core/Src/main.c:459:13:MX_GPIO_Init	40	static
../Core/Src/main.c:486:6:HAL_CAN_RxFifo0MsgPendingCallback	16	static
../Core/Src/main.c:532:6:Error_Handler	4	static,ignoring_inline_asm
